// Jest Snapshot v1, https://goo.gl/fbAQLP

exports[`<Success /> renders outline variant 1`] = `
[
  <div
    style={
      {
        "height": "100%",
        "left": 0,
        "overflow": "hidden",
        "position": "absolute",
        "top": 0,
        "width": "100%",
      }
    }
  >
    <div
      style={
        {
          "backgroundColor": "#946A00",
          "borderRadius": "50%",
          "height": "120vw",
          "left": "-10vw",
          "position": "absolute",
          "top": "calc(50% - 60vw)",
          "width": "120vw",
          "zIndex": -1,
        }
      }
    />
  </div>,
  .emotion-1 {
  display: -webkit-box;
  display: -webkit-flex;
  display: -ms-flexbox;
  display: flex;
  -webkit-flex-direction: column;
  -ms-flex-direction: column;
  flex-direction: column;
  -webkit-align-items: center;
  -webkit-box-align: center;
  -ms-flex-align: center;
  align-items: center;
  -webkit-box-pack: justify;
  -webkit-justify-content: space-between;
  justify-content: space-between;
  gap: 2rem;
}

.emotion-4 {
  font-family: -apple-system,BlinkMacSystemFont,Segoe UI,Roboto,Helvetica,Arial,sans-serif,Apple Color Emoji,Segoe UI Emoji;
  -webkit-tap-highlight-color: transparent;
  color: inherit;
  font-size: inherit;
  line-height: 1.55;
  -webkit-text-decoration: none;
  text-decoration: none;
  text-align: center;
  font-family: -apple-system,BlinkMacSystemFont,Segoe UI,Roboto,Helvetica,Arial,sans-serif,Apple Color Emoji,Segoe UI Emoji;
  font-weight: 700;
  font-size: 2.125rem;
  line-height: 1.3;
  margin: 0;
  font-weight: 700;
  margin-top: 50%;
}

.emotion-4:focus {
  outline-offset: 0.125rem;
  outline: 0.125rem solid #339af0;
}

.emotion-4:focus:not(:focus-visible) {
  outline: none;
}

.emotion-7 {
  font-family: -apple-system,BlinkMacSystemFont,Segoe UI,Roboto,Helvetica,Arial,sans-serif,Apple Color Emoji,Segoe UI Emoji;
  -webkit-tap-highlight-color: transparent;
  color: inherit;
  font-size: inherit;
  line-height: 1.55;
  -webkit-text-decoration: none;
  text-decoration: none;
  text-align: center;
  font-family: -apple-system,BlinkMacSystemFont,Segoe UI,Roboto,Helvetica,Arial,sans-serif,Apple Color Emoji,Segoe UI Emoji;
  font-weight: 700;
  font-size: 1.625rem;
  line-height: 1.35;
  margin: 0;
  font-weight: 700;
  width: 209px;
}

.emotion-7:focus {
  outline-offset: 0.125rem;
  outline: 0.125rem solid #339af0;
}

.emotion-7:focus:not(:focus-visible) {
  outline: none;
}

.emotion-8 {
  z-index: 1;
  position: relative;
  bottom: 16px;
  width: 290px;
  margin-top: 42px;
  height: 375px;
}

<div
    className="emotion-0 emotion-1"
  >
    <h1
      className="emotion-2 emotion-3 emotion-4"
    >
      You're in
    </h1>
    <h2
      className="emotion-2 emotion-3 emotion-7"
    >
      Let's find your next experience
    </h2>
    <div
      className="emotion-8"
    >
      <svg />
    </div>
  </div>,
]
`;
