// Jest Snapshot v1, https://goo.gl/fbAQLP

exports[`<LayoutLogin /> renders outline variant 1`] = `
<div
  className="mantine-Container-root mantine-hwrsz4"
>
  <div
    className="mantine-Stack-root mantine-g49psp"
  >
    <div
      className="mantine-Center-root mantine-dejthu"
    >
      svg
       
    </div>
    <div />
  </div>
</div>
`;
