// Jest Snapshot v1, https://goo.gl/fbAQLP

exports[`<type /> should render 1`] = `
{
  "asFragment": [Function],
  "baseElement": .emotion-0 {
  color: #333333;
  border: 1px solid #e9e9e9;
  border-top: 0;
}

.emotion-0 tr {
  height: 78px;
}

.emotion-0 thead tr {
  height: 50px;
  background: #FFF3BF;
}

.emotion-0 tbody tr:nth-of-type(even) {
  background: #f9f9f9;
}

.emotion-0 tbody tr:hover {
  background: #ededed;
}

.emotion-0 thead th+th,
.emotion-0 thead tr th:last-child {
  border-left: 1px solid #dad1bb;
}

.emotion-0 tbody tr td {
  border-top: 0;
}

<body>
    <div>
      <style
        data-mantine-styles="classes"
      >
        @media (max-width: 35.99375em) {.mantine-visible-from-xs {display: none !important;}}@media (min-width: 36em) {.mantine-hidden-from-xs {display: none !important;}}@media (max-width: 47.99375em) {.mantine-visible-from-sm {display: none !important;}}@media (min-width: 48em) {.mantine-hidden-from-sm {display: none !important;}}@media (max-width: 61.99375em) {.mantine-visible-from-md {display: none !important;}}@media (min-width: 62em) {.mantine-hidden-from-md {display: none !important;}}@media (max-width: 74.99375em) {.mantine-visible-from-lg {display: none !important;}}@media (min-width: 75em) {.mantine-hidden-from-lg {display: none !important;}}@media (max-width: 87.99375em) {.mantine-visible-from-xl {display: none !important;}}@media (min-width: 88em) {.mantine-hidden-from-xl {display: none !important;}}
      </style>
      <table
        class="emotion-0 m-b23fa0ef mantine-Table-table"
        style="--table-vertical-spacing: calc(0.4375rem * var(--mantine-scale));"
      >
        <thead
          class="m-b242d975 mantine-Table-thead"
        />
        <tbody
          class="m-b2404537 mantine-Table-tbody"
        >
          <tr
            class="m-4e7aa4fd mantine-Table-tr"
            data-with-row-border="true"
          >
            <td
              class="m-4e7aa4ef mantine-Table-td"
            />
          </tr>
        </tbody>
      </table>
    </div>
  </body>,
  "container": .emotion-0 {
  color: #333333;
  border: 1px solid #e9e9e9;
  border-top: 0;
}

.emotion-0 tr {
  height: 78px;
}

.emotion-0 thead tr {
  height: 50px;
  background: #FFF3BF;
}

.emotion-0 tbody tr:nth-of-type(even) {
  background: #f9f9f9;
}

.emotion-0 tbody tr:hover {
  background: #ededed;
}

.emotion-0 thead th+th,
.emotion-0 thead tr th:last-child {
  border-left: 1px solid #dad1bb;
}

.emotion-0 tbody tr td {
  border-top: 0;
}

<div>
    <style
      data-mantine-styles="classes"
    >
      @media (max-width: 35.99375em) {.mantine-visible-from-xs {display: none !important;}}@media (min-width: 36em) {.mantine-hidden-from-xs {display: none !important;}}@media (max-width: 47.99375em) {.mantine-visible-from-sm {display: none !important;}}@media (min-width: 48em) {.mantine-hidden-from-sm {display: none !important;}}@media (max-width: 61.99375em) {.mantine-visible-from-md {display: none !important;}}@media (min-width: 62em) {.mantine-hidden-from-md {display: none !important;}}@media (max-width: 74.99375em) {.mantine-visible-from-lg {display: none !important;}}@media (min-width: 75em) {.mantine-hidden-from-lg {display: none !important;}}@media (max-width: 87.99375em) {.mantine-visible-from-xl {display: none !important;}}@media (min-width: 88em) {.mantine-hidden-from-xl {display: none !important;}}
    </style>
    <table
      class="emotion-0 m-b23fa0ef mantine-Table-table"
      style="--table-vertical-spacing: calc(0.4375rem * var(--mantine-scale));"
    >
      <thead
        class="m-b242d975 mantine-Table-thead"
      />
      <tbody
        class="m-b2404537 mantine-Table-tbody"
      >
        <tr
          class="m-4e7aa4fd mantine-Table-tr"
          data-with-row-border="true"
        >
          <td
            class="m-4e7aa4ef mantine-Table-td"
          />
        </tr>
      </tbody>
    </table>
  </div>,
  "debug": [Function],
  "findAllByAltText": [Function],
  "findAllByDisplayValue": [Function],
  "findAllByLabelText": [Function],
  "findAllByPlaceholderText": [Function],
  "findAllByRole": [Function],
  "findAllByTestId": [Function],
  "findAllByText": [Function],
  "findAllByTitle": [Function],
  "findByAltText": [Function],
  "findByDisplayValue": [Function],
  "findByLabelText": [Function],
  "findByPlaceholderText": [Function],
  "findByRole": [Function],
  "findByTestId": [Function],
  "findByText": [Function],
  "findByTitle": [Function],
  "getAllByAltText": [Function],
  "getAllByDisplayValue": [Function],
  "getAllByLabelText": [Function],
  "getAllByPlaceholderText": [Function],
  "getAllByRole": [Function],
  "getAllByTestId": [Function],
  "getAllByText": [Function],
  "getAllByTitle": [Function],
  "getByAltText": [Function],
  "getByDisplayValue": [Function],
  "getByLabelText": [Function],
  "getByPlaceholderText": [Function],
  "getByRole": [Function],
  "getByTestId": [Function],
  "getByText": [Function],
  "getByTitle": [Function],
  "queryAllByAltText": [Function],
  "queryAllByDisplayValue": [Function],
  "queryAllByLabelText": [Function],
  "queryAllByPlaceholderText": [Function],
  "queryAllByRole": [Function],
  "queryAllByTestId": [Function],
  "queryAllByText": [Function],
  "queryAllByTitle": [Function],
  "queryByAltText": [Function],
  "queryByDisplayValue": [Function],
  "queryByLabelText": [Function],
  "queryByPlaceholderText": [Function],
  "queryByRole": [Function],
  "queryByTestId": [Function],
  "queryByText": [Function],
  "queryByTitle": [Function],
  "rerender": [Function],
  "unmount": [Function],
}
`;
